// Jest Snapshot v1, https://goo.gl/fbAQLP

exports[`<Test /> renders a heading 1`] = `
<div>
  <div>
    테스트 아이템 입니다.
  </div>
</div>
`;
